prisma.config.ts(1,35): error TS7016: Could not find a declaration file for module 'prisma'. 'C:/Users/adamh/Documents/Projects/crea-ads/node_modules/prisma/build/index.js' implicitly has an 'any' type.
  Try `npm i --save-dev @types/prisma` if it exists or add a new declaration (.d.ts) file containing `declare module 'prisma';`
scripts/migrate-supabase-to-rds.ts(17,30): error TS2307: Cannot find module '@supabase/supabase-js' or its corresponding type declarations.
scripts/migrate-supabase-to-rds.ts(123,13): error TS2322: Type '{ id: any; batchId: any; status: any; result_url: any; metadata: any; createdAt: Date; }[]' is not assignable to type 'JobCreateManyInput | JobCreateManyInput[]'.
  Type '{ id: any; batchId: any; status: any; result_url: any; metadata: any; createdAt: Date; }[]' is not assignable to type 'JobCreateManyInput[]'.
    Property 'userId' is missing in type '{ id: any; batchId: any; status: any; result_url: any; metadata: any; createdAt: Date; }' but required in type 'JobCreateManyInput'.
src/app/api/render/worker/route.ts(1028,25): error TS18047: 'meta' is possibly 'null'.
src/app/api/render/worker/route.ts(1028,30): error TS2339: Property 'concept' does not exist on type 'string | number | boolean | JsonObject | JsonArray'.
  Property 'concept' does not exist on type 'string'.
src/app/api/render/worker/route.ts(1029,27): error TS18047: 'meta' is possibly 'null'.
src/app/api/render/worker/route.ts(1029,32): error TS2339: Property 'inputData' does not exist on type 'string | number | boolean | JsonObject | JsonArray'.
  Property 'inputData' does not exist on type 'string'.
src/app/api/render/worker/route.ts(1042,38): error TS7006: Parameter 'u' implicitly has an 'any' type.
src/app/api/render/worker/route.ts(1258,21): error TS1107: Jump target cannot cross function boundary.
src/engine/Root.tsx(42,51): error TS2345: Argument of type '{ layout: { layoutType: "converter"; aspectRatio: "9:16"; safePadding: number; contentScale: number; }; component_layout: { component: string; props: { label: string; x: number; y: number; }; }[]; productImageUrl: string; headlineText: string; subheadlineText: string; }' is not assignable to parameter of type 'Partial<{ layout: { aspectRatio: "9:16" | "1:1" | "16:9" | "4:5"; layoutType: "converter" | "minimalist"; safePadding: number; contentScale: number; }; headlineText: string; productImageUrl: string; ... 23 more ...; template_id?: string | undefined; }>'.
  Types of property 'component_layout' are incompatible.
    Type '{ component: string; props: { label: string; x: number; y: number; }; }[]' is not assignable to type '({ props: { label: string; x: number; y: number; dotColor?: string | undefined; }; component: "PointerBenefit"; } | { props: { label: string; x: number; y: number; isActive: boolean; activeColor?: string | undefined; }; component: "FeatureSwitch"; } | ... 9 more ... | { ...; })[]'.
      Type '{ component: string; props: { label: string; x: number; y: number; }; }' is not assignable to type '{ props: { label: string; x: number; y: number; dotColor?: string | undefined; }; component: "PointerBenefit"; } | { props: { label: string; x: number; y: number; isActive: boolean; activeColor?: string | undefined; }; component: "FeatureSwitch"; } | ... 9 more ... | { ...; }'.
        Type '{ component: string; props: { label: string; x: number; y: number; }; }' is not assignable to type '{ props: { features: string[]; x?: number | undefined; y?: number | undefined; activeColor?: string | undefined; }; component: "FeatureCard"; }'.
          Types of property 'props' are incompatible.
            Property 'features' is missing in type '{ label: string; x: number; y: number; }' but required in type '{ features: string[]; x?: number | undefined; y?: number | undefined; activeColor?: string | undefined; }'.
src/lib/supabase/admin.ts(5,54): error TS2307: Cannot find module '@supabase/supabase-js' or its corresponding type declarations.
src/lib/supabase/client.ts(1,37): error TS2307: Cannot find module '@supabase/ssr' or its corresponding type declarations.
src/lib/supabase/server.ts(1,36): error TS2307: Cannot find module '@supabase/ssr' or its corresponding type declarations.
src/lib/supabase/server.ts(15,24): error TS7006: Parameter 'cookiesToSet' implicitly has an 'any' type.
src/lib/supabase/server.ts(17,49): error TS7031: Binding element 'name' implicitly has an 'any' type.
src/lib/supabase/server.ts(17,55): error TS7031: Binding element 'value' implicitly has an 'any' type.
src/lib/supabase/server.ts(17,62): error TS7031: Binding element 'options' implicitly has an 'any' type.
